============================= test session starts ==============================
platform darwin -- Python 3.14.2, pytest-9.0.2, pluggy-1.6.0 -- /Users/tristan/.local/share/virtualenvs/regis-cli-noIey-ZA/bin/python
cachedir: .pytest_cache
rootdir: /Users/tristan/Documents/Workspaces/ttc/regis-cli
configfile: pyproject.toml
plugins: anyio-4.12.1, cov-7.0.0
collecting ... collected 3 items

tests/test_rules_config.py::test_parameterized_rules FAILED              [ 33%]
tests/test_rules_config.py::test_parameterized_rule_custom_slug PASSED   [ 66%]
tests/test_rules_config.py::test_hadolint_dockle_parameterized FAILED    [100%]

=================================== FAILURES ===================================
___________________________ test_parameterized_rules ___________________________

    def test_parameterized_rules():
        # Mock report
        report = {
            "request": {
                "analyzers": ["trivy"],
                "url": "nginx:latest",
                "registry": "docker.io",
                "repository": "library/nginx",
                "tag": "latest",
                "timestamp": "2024-03-20T10:00:00Z",
            },
            "results": {
                "trivy": {
                    "analyzer": "trivy",
                    "critical_count": 2,
                    "high_count": 5,
                    "medium_count": 10,
                }
            },
        }
    
        # Playbook with parameterized rules
        playbook = {
            "rules": [
                {
                    "provider": "trivy",
                    "rule": "cve-count",
                    "options": {"level": "critical", "max_count": 0},
                },
                {
                    "provider": "trivy",
                    "rule": "cve-count",
                    "options": {"level": "high", "max_count": 10},
                },
            ]
        }
    
        results = evaluate_rules(report, playbook)
        rules = {r["slug"]: r for r in results["rules"]}
    
        # Verify instantiation and slugs
>       assert "cve-count.critical_0" in rules
E       assert 'cve-count.critical_0' in {'registry-domain-whitelist': {'slug': 'registry-domain-whitelist', 'description': 'Checks if requested image registry domain is in the domains list.', 'level': 'critical', 'tags': ['security'], 'passed': True, 'status': 'passed', 'message': "Image registry domain 'docker.io' is in the domains list.", 'analyzers': []}, 'cve-count.high': {'slug': 'cve-count.high', 'description': 'Max allowed violations for a given severity level.', 'level': 'warning', 'tags': ['security'], 'passed': True, 'status': 'passed', 'message': 'Number of high vulnerabilities is within limits.', 'analyzers': ['trivy']}, 'secret-scan': {'slug': 'secret-scan', 'description': 'No secrets or credentials should be embedded in the image.', 'level': 'critical', 'tags': ['security'], 'passed': False, 'status': 'incomplete', 'message': 'Trivy detected ${results.trivy.secrets_count} secrets or credentials in the image.', 'analyzers': ['trivy']}, 'cve-count': {'slug': 'cve-count', 'description': 'Max allowed violations for a given severity level.', 'level': 'warning', 'tags': ['security'], 'passed': False, 'status': 'failed', 'message': 'Image has ${results.trivy.${rule.params.level}_count} critical CVEs (max allowed: 0).', 'analyzers': ['trivy']}, 'cve-count.critical': {'slug': 'cve-count.critical', 'description': 'Max allowed violations for a given severity level.', 'level': 'warning', 'tags': ['security'], 'passed': False, 'status': 'failed', 'message': 'Image has ${results.trivy.${rule.params.level}_count} critical CVEs (max allowed: 0).', 'analyzers': ['trivy']}, 'fix-available': {'slug': 'fix-available', 'description': 'All vulnerabilities should be fixed if a patch exists.', 'level': 'warning', 'tags': ['security'], 'passed': False, 'status': 'incomplete', 'message': 'Image has ${results.trivy.fixed_count} vulnerabilities with available fixes.', 'analyzers': ['trivy']}}

tests/test_rules_config.py:47: AssertionError
______________________ test_hadolint_dockle_parameterized ______________________

    def test_hadolint_dockle_parameterized():
        report = {
            "request": {"analyzers": ["hadolint", "dockle"]},
            "results": {
                "hadolint": {"issues_by_level": {"error": 1, "warning": 3}},
                "dockle": {"issues_by_level": {"FATAL": 0, "WARN": 10}},
            },
        }
        playbook = {
            "rules": [
                {
                    "provider": "hadolint",
                    "rule": "severity-count",
                    "options": {"level": "error", "max_count": 0},
                },
                {
                    "provider": "dockle",
                    "rule": "severity-count",
                    "options": {"level": "WARN", "max_count": 5},
                },
            ]
        }
        results = evaluate_rules(report, playbook)
        rules = {r["slug"]: r for r in results["rules"]}
    
>       assert rules["severity-count.error_0"]["passed"] is False
               ^^^^^^^^^^^^^^^^^^^^^^^^^^^^^^^
E       KeyError: 'severity-count.error_0'

tests/test_rules_config.py:104: KeyError
=============================== warnings summary ===============================
tests/test_rules_config.py::test_parameterized_rules
  /Users/tristan/.local/share/virtualenvs/regis-cli-noIey-ZA/lib/python3.14/site-packages/requests/__init__.py:113: RequestsDependencyWarning: urllib3 (2.6.3) or chardet (7.0.1)/charset_normalizer (3.4.6) doesn't match a supported version!
    warnings.warn(

-- Docs: https://docs.pytest.org/en/stable/how-to/capture-warnings.html
=========================== short test summary info ============================
FAILED tests/test_rules_config.py::test_parameterized_rules - assert 'cve-count.critical_0' in {'registry-domain-whitelist': {'slug': 'registry-domain-whitelist', 'description': 'Checks if requested image registry domain is in the domains list.', 'level': 'critical', 'tags': ['security'], 'passed': True, 'status': 'passed', 'message': "Image registry domain 'docker.io' is in the domains list.", 'analyzers': []}, 'cve-count.high': {'slug': 'cve-count.high', 'description': 'Max allowed violations for a given severity level.', 'level': 'warning', 'tags': ['security'], 'passed': True, 'status': 'passed', 'message': 'Number of high vulnerabilities is within limits.', 'analyzers': ['trivy']}, 'secret-scan': {'slug': 'secret-scan', 'description': 'No secrets or credentials should be embedded in the image.', 'level': 'critical', 'tags': ['security'], 'passed': False, 'status': 'incomplete', 'message': 'Trivy detected ${results.trivy.secrets_count} secrets or credentials in the image.', 'analyzers': ['trivy']}, 'cve-count': {'slug': 'cve-count', 'description': 'Max allowed violations for a given severity level.', 'level': 'warning', 'tags': ['security'], 'passed': False, 'status': 'failed', 'message': 'Image has ${results.trivy.${rule.params.level}_count} critical CVEs (max allowed: 0).', 'analyzers': ['trivy']}, 'cve-count.critical': {'slug': 'cve-count.critical', 'description': 'Max allowed violations for a given severity level.', 'level': 'warning', 'tags': ['security'], 'passed': False, 'status': 'failed', 'message': 'Image has ${results.trivy.${rule.params.level}_count} critical CVEs (max allowed: 0).', 'analyzers': ['trivy']}, 'fix-available': {'slug': 'fix-available', 'description': 'All vulnerabilities should be fixed if a patch exists.', 'level': 'warning', 'tags': ['security'], 'passed': False, 'status': 'incomplete', 'message': 'Image has ${results.trivy.fixed_count} vulnerabilities with available fixes.', 'analyzers': ['trivy']}}
FAILED tests/test_rules_config.py::test_hadolint_dockle_parameterized - KeyError: 'severity-count.error_0'
==================== 2 failed, 1 passed, 1 warning in 0.25s ====================
